# serializer version: 1
# name: test_import
  dict({
    'password': 'nc_pass',
    'url': 'nc_url',
    'username': 'nc_user',
  })
# ---
# name: test_user_create_entry
  dict({
    'password': 'nc_pass',
    'url': 'nc_url',
    'username': 'nc_user',
  })
# ---
