# serializer version: 1
# name: test_state[sensor.my_water_heater_energy_usage]
  StateSnapshot({
    'attributes': ReadOnlyDict({
      'device_class': 'energy',
      'friendly_name': 'My water heater Energy usage',
      'state_class': <SensorStateClass.TOTAL_INCREASING: 'total_increasing'>,
      'unit_of_measurement': <UnitOfEnergy.KILO_WATT_HOUR: 'kWh'>,
    }),
    'context': <ANY>,
    'entity_id': 'sensor.my_water_heater_energy_usage',
    'last_changed': <ANY>,
    'last_updated': <ANY>,
    'state': '132.825',
  })
# ---
# name: test_state[sensor.my_water_heater_hot_water_availability]
  StateSnapshot({
    'attributes': ReadOnlyDict({
      'device_class': 'enum',
      'friendly_name': 'My water heater Hot water availability',
      'icon': 'mdi:water-thermometer',
      'options': list([
        'low',
        'medium',
        'high',
      ]),
    }),
    'context': <ANY>,
    'entity_id': 'sensor.my_water_heater_hot_water_availability',
    'last_changed': <ANY>,
    'last_updated': <ANY>,
    'state': 'low',
  })
# ---
