# serializer version: 1
# name: test_selects[yna5x1-entity_ids0][select.ozmo_950_water_amount:entity-registry]
  EntityRegistryEntrySnapshot({
    'aliases': set({
    }),
    'area_id': None,
    'capabilities': dict({
      'options': list([
        'low',
        'medium',
        'high',
        'ultrahigh',
      ]),
    }),
    'config_entry_id': <ANY>,
    'device_class': None,
    'device_id': <ANY>,
    'disabled_by': None,
    'domain': 'select',
    'entity_category': <EntityCategory.CONFIG: 'config'>,
    'entity_id': 'select.ozmo_950_water_amount',
    'has_entity_name': True,
    'hidden_by': None,
    'icon': None,
    'id': <ANY>,
    'name': None,
    'options': dict({
    }),
    'original_device_class': None,
    'original_icon': None,
    'original_name': 'Water amount',
    'platform': 'ecovacs',
    'previous_unique_id': None,
    'supported_features': 0,
    'translation_key': 'water_amount',
    'unique_id': 'E1234567890000000001_water_amount',
    'unit_of_measurement': None,
  })
# ---
# name: test_selects[yna5x1-entity_ids0][select.ozmo_950_water_amount:state]
  StateSnapshot({
    'attributes': ReadOnlyDict({
      'friendly_name': 'Ozmo 950 Water amount',
      'options': list([
        'low',
        'medium',
        'high',
        'ultrahigh',
      ]),
    }),
    'context': <ANY>,
    'entity_id': 'select.ozmo_950_water_amount',
    'last_changed': <ANY>,
    'last_updated': <ANY>,
    'state': 'ultrahigh',
  })
# ---
