# serializer version: 1
# name: test_buttons
  list([
    DeviceRegistryEntrySnapshot({
      'area_id': None,
      'config_entries': <ANY>,
      'configuration_url': 'http://192.168.0.1',
      'connections': set({
      }),
      'disabled_by': None,
      'entry_type': None,
      'hw_version': None,
      'id': <ANY>,
      'identifiers': set({
        tuple(
          'sfr_box',
          'e4:5d:51:00:11:22',
        ),
      }),
      'is_new': False,
      'manufacturer': None,
      'model': 'NB6VAC-FXC-r0',
      'name': 'SFR Box',
      'name_by_user': None,
      'suggested_area': None,
      'sw_version': 'NB6VAC-MAIN-R4.0.44k',
      'via_device_id': None,
    }),
  ])
# ---
# name: test_buttons.1
  list([
    EntityRegistryEntrySnapshot({
      'aliases': set({
      }),
      'area_id': None,
      'capabilities': None,
      'config_entry_id': <ANY>,
      'device_class': None,
      'device_id': <ANY>,
      'disabled_by': None,
      'domain': 'button',
      'entity_category': <EntityCategory.CONFIG: 'config'>,
      'entity_id': 'button.sfr_box_restart',
      'has_entity_name': True,
      'hidden_by': None,
      'icon': None,
      'id': <ANY>,
      'name': None,
      'options': dict({
      }),
      'original_device_class': <ButtonDeviceClass.RESTART: 'restart'>,
      'original_icon': None,
      'original_name': 'Restart',
      'platform': 'sfr_box',
      'supported_features': 0,
      'translation_key': 'reboot',
      'unique_id': 'e4:5d:51:00:11:22_system_reboot',
      'unit_of_measurement': None,
    }),
  ])
# ---
# name: test_buttons[button.sfr_box_restart]
  StateSnapshot({
    'attributes': ReadOnlyDict({
      'device_class': 'restart',
      'friendly_name': 'SFR Box Restart',
    }),
    'context': <ANY>,
    'entity_id': 'button.sfr_box_restart',
    'last_changed': <ANY>,
    'last_updated': <ANY>,
    'state': 'unknown',
  })
# ---
