# serializer version: 1
# name: test_no_target_entity
  ReadOnlyDict({
    'device_id': list([
      'fb034c3a9fefe47c584c32a6b51817eb',
    ]),
    'extra': dict({
    }),
    'media_content_id': 'https://manifest.googlevideo.com/api/manifest/hls_playlist/expire/1694805294/ei/zlgEZcCPFpqOx_APj42f2Ao/ip/45.93.75.130/id/750c38c3d5a05dc4/itag/616/source/youtube/requiressl/yes/ratebypass/yes/pfa/1/wft/1/sgovp/clen%3D99471214%3Bdur%3D212.040%3Bgir%3Dyes%3Bitag%3D356%3Blmt%3D1694043438471036/hls_chunk_host/rr3---sn-5hne6nzy.googlevideo.com/mh/7c/mm/31,26/mn/sn-5hne6nzy,sn-aigzrnld/ms/au,onr/mv/m/mvi/3/pl/22/initcwndbps/2095000/vprv/1/playlist_type/DVR/dover/13/txp/4532434/mt/1694783390/fvip/1/short_key/1/keepalive/yes/fexp/24007246,24362685/beids/24350017/sparams/expire,ei,ip,id,itag,source,requiressl,ratebypass,pfa,wft,sgovp,vprv,playlist_type/sig/AOq0QJ8wRgIhANCPwWNfq6wBp1Xo1L8bRJpDrzOyv7kfH_J65cZ_PRZLAiEAwo-0wQgeIjPe7OgyAAvMCx_A9wd1h8Qyh7VntKwGJUs%3D/lsparams/hls_chunk_host,mh,mm,mn,ms,mv,mvi,pl,initcwndbps/lsig/AG3C_xAwRQIgIqS9Ub_6L9ScKXr0T9bkeu6TZsEsyNApYfF_MqeukqECIQCMSeJ1sSEw5QGMgHAW8Fhsir4TYHEK5KVg-PzJbrT6hw%3D%3D/playlist/index.m3u8',
    'media_content_type': 'VIDEO',
  })
# ---
# name: test_play_media_service
  ReadOnlyDict({
    'entity_id': 'media_player.bedroom',
    'extra': dict({
    }),
    'media_content_id': 'https://manifest.googlevideo.com/api/manifest/hls_playlist/expire/1694794256/ei/sC0EZYCPHbuZx_AP3bGz0Ac/ip/84.31.234.146/id/750c38c3d5a05dc4/itag/616/source/youtube/requiressl/yes/ratebypass/yes/pfa/1/wft/1/sgovp/clen%3D99471214%3Bdur%3D212.040%3Bgir%3Dyes%3Bitag%3D356%3Blmt%3D1694043438471036/hls_chunk_host/rr2---sn-5hnekn7k.googlevideo.com/mh/7c/mm/31,29/mn/sn-5hnekn7k,sn-5hne6nzy/ms/au,rdu/mv/m/mvi/2/pl/14/initcwndbps/2267500/vprv/1/playlist_type/DVR/dover/13/txp/4532434/mt/1694772337/fvip/3/short_key/1/keepalive/yes/fexp/24007246,24362685/beids/24350018/sparams/expire,ei,ip,id,itag,source,requiressl,ratebypass,pfa,wft,sgovp,vprv,playlist_type/sig/AOq0QJ8wRgIhAIC0iobMnRschmQ3QaYsytXg9eg7l9B_-UNvMciis4bmAiEAg-3jr6SwOfAGCCU-JyTyxcXmraug-hPcjjJzm__43ug%3D/lsparams/hls_chunk_host,mh,mm,mn,ms,mv,mvi,pl,initcwndbps/lsig/AG3C_xAwRQIhAOlqbgmuueNhIuGENYKCsdwiNAUPheXw-RMUqsiaB7YuAiANN43FxJl14Ve_H_c9K-aDoXG4sI7PDCqKDhov6Qro_g%3D%3D/playlist/index.m3u8',
    'media_content_type': 'VIDEO',
  })
# ---
# name: test_play_media_service[https://soundcloud.com/bruttoband/brutto-11-AUDIO-audio_media_extractor_config]
  ReadOnlyDict({
    'entity_id': 'media_player.bedroom',
    'extra': dict({
    }),
    'media_content_id': 'https://cf-media.sndcdn.com/50remGX1OqRY.128.mp3?Policy=eyJTdGF0ZW1lbnQiOlt7IlJlc291cmNlIjoiKjovL2NmLW1lZGlhLnNuZGNkbi5jb20vNTByZW1HWDFPcVJZLjEyOC5tcDMqIiwiQ29uZGl0aW9uIjp7IkRhdGVMZXNzVGhhbiI6eyJBV1M6RXBvY2hUaW1lIjoxNjk0Nzk5MTc5fX19XX0_&Signature=JtF8BXxTCElhjCrhnSAq3W6z960VmdVXx7BPhQvI0MCxr~J43JFGO8CVw9-VBM2oEf14mqWo63-C0FO29DvUuBZnmLD3dhDfryVfWJsrix7voimoRDaNFE~3zntDbg7O2S8uWYyZK8OZC9anzwokvjH7jbmviWqK4~2IM9dwgejGgzrQU1aadV2Yro7NJZnF7SD~7tVjkM-hBg~X5zDYVxmGrdzN3tFoLwRmUch6RNDL~1DcWBk0AveBKQFAdBrFBjDDUeIyDz9Idhw2aG9~fjfckcf95KwqrVQxz1N5XEzfNDDo8xkUgDt0eb9dtXdwxLJ0swC6e5VLS8bsH91GMg__&Key-Pair-Id=APKAI6TU7MMXM5DG6EPQ',
    'media_content_type': 'AUDIO',
  })
# ---
# name: test_play_media_service[https://soundcloud.com/bruttoband/brutto-11-AUDIO-empty_media_extractor_config]
  ReadOnlyDict({
    'entity_id': 'media_player.bedroom',
    'extra': dict({
    }),
    'media_content_id': 'https://cf-media.sndcdn.com/50remGX1OqRY.128.mp3?Policy=eyJTdGF0ZW1lbnQiOlt7IlJlc291cmNlIjoiKjovL2NmLW1lZGlhLnNuZGNkbi5jb20vNTByZW1HWDFPcVJZLjEyOC5tcDMqIiwiQ29uZGl0aW9uIjp7IkRhdGVMZXNzVGhhbiI6eyJBV1M6RXBvY2hUaW1lIjoxNjk0Nzk4NTkzfX19XX0_&Signature=flALJvEBnzS0ZOOhf0-07Ap~NURw2Gn2OqkeKKTTMX5HRGJw9eXFay79tcC4GsMMXWUgWoCx-n3yelpyilE2MOEIufBNUbjqRfMSJaX5YhYxjQdoDYuiU~gqBzJyPw9pKzr6P8~5HNKL3Idr0CNhUzdV6FQLaUPKMMibq9ghV833mUmdyvdk1~GZBc8MOg9GrTdcigGgpPzd-vrIMICMvFzFnwBOeOotxX2Vfqf9~wVekBKGlvB9A~7TlZ71lv9Fl9u4m8rse9E-mByweVc1M784ehJV3~tRPjuF~FXXWKP8x0nGJmoq7RAnG7iFIt~fQFmsfOq2o~PG7dHMRPh7hw__&Key-Pair-Id=APKAI6TU7MMXM5DG6EPQ',
    'media_content_type': 'AUDIO',
  })
# ---
# name: test_play_media_service[https://soundcloud.com/bruttoband/brutto-11-VIDEO-audio_media_extractor_config]
  ReadOnlyDict({
    'entity_id': 'media_player.bedroom',
    'extra': dict({
    }),
    'media_content_id': 'https://cf-media.sndcdn.com/50remGX1OqRY.128.mp3?Policy=eyJTdGF0ZW1lbnQiOlt7IlJlc291cmNlIjoiKjovL2NmLW1lZGlhLnNuZGNkbi5jb20vNTByZW1HWDFPcVJZLjEyOC5tcDMqIiwiQ29uZGl0aW9uIjp7IkRhdGVMZXNzVGhhbiI6eyJBV1M6RXBvY2hUaW1lIjoxNjk0Nzk5MTc5fX19XX0_&Signature=JtF8BXxTCElhjCrhnSAq3W6z960VmdVXx7BPhQvI0MCxr~J43JFGO8CVw9-VBM2oEf14mqWo63-C0FO29DvUuBZnmLD3dhDfryVfWJsrix7voimoRDaNFE~3zntDbg7O2S8uWYyZK8OZC9anzwokvjH7jbmviWqK4~2IM9dwgejGgzrQU1aadV2Yro7NJZnF7SD~7tVjkM-hBg~X5zDYVxmGrdzN3tFoLwRmUch6RNDL~1DcWBk0AveBKQFAdBrFBjDDUeIyDz9Idhw2aG9~fjfckcf95KwqrVQxz1N5XEzfNDDo8xkUgDt0eb9dtXdwxLJ0swC6e5VLS8bsH91GMg__&Key-Pair-Id=APKAI6TU7MMXM5DG6EPQ',
    'media_content_type': 'VIDEO',
  })
# ---
# name: test_play_media_service[https://soundcloud.com/bruttoband/brutto-11-VIDEO-empty_media_extractor_config]
  ReadOnlyDict({
    'entity_id': 'media_player.bedroom',
    'extra': dict({
    }),
    'media_content_id': 'https://cf-media.sndcdn.com/50remGX1OqRY.128.mp3?Policy=eyJTdGF0ZW1lbnQiOlt7IlJlc291cmNlIjoiKjovL2NmLW1lZGlhLnNuZGNkbi5jb20vNTByZW1HWDFPcVJZLjEyOC5tcDMqIiwiQ29uZGl0aW9uIjp7IkRhdGVMZXNzVGhhbiI6eyJBV1M6RXBvY2hUaW1lIjoxNjk0Nzk4NTkzfX19XX0_&Signature=flALJvEBnzS0ZOOhf0-07Ap~NURw2Gn2OqkeKKTTMX5HRGJw9eXFay79tcC4GsMMXWUgWoCx-n3yelpyilE2MOEIufBNUbjqRfMSJaX5YhYxjQdoDYuiU~gqBzJyPw9pKzr6P8~5HNKL3Idr0CNhUzdV6FQLaUPKMMibq9ghV833mUmdyvdk1~GZBc8MOg9GrTdcigGgpPzd-vrIMICMvFzFnwBOeOotxX2Vfqf9~wVekBKGlvB9A~7TlZ71lv9Fl9u4m8rse9E-mByweVc1M784ehJV3~tRPjuF~FXXWKP8x0nGJmoq7RAnG7iFIt~fQFmsfOq2o~PG7dHMRPh7hw__&Key-Pair-Id=APKAI6TU7MMXM5DG6EPQ',
    'media_content_type': 'VIDEO',
  })
# ---
# name: test_play_media_service[https://test.com/abc-AUDIO-audio_media_extractor_config]
  ReadOnlyDict({
    'entity_id': 'media_player.bedroom',
    'extra': dict({
    }),
    'media_content_id': 'https://cf-media.sndcdn.com/50remGX1OqRY.128.mp3?Policy=eyJTdGF0ZW1lbnQiOlt7IlJlc291cmNlIjoiKjovL2NmLW1lZGlhLnNuZGNkbi5jb20vNTByZW1HWDFPcVJZLjEyOC5tcDMqIiwiQ29uZGl0aW9uIjp7IkRhdGVMZXNzVGhhbiI6eyJBV1M6RXBvY2hUaW1lIjoxNjk0Nzk5MTc5fX19XX0_&Signature=JtF8BXxTCElhjCrhnSAq3W6z960VmdVXx7BPhQvI0MCxr~J43JFGO8CVw9-VBM2oEf14mqWo63-C0FO29DvUuBZnmLD3dhDfryVfWJsrix7voimoRDaNFE~3zntDbg7O2S8uWYyZK8OZC9anzwokvjH7jbmviWqK4~2IM9dwgejGgzrQU1aadV2Yro7NJZnF7SD~7tVjkM-hBg~X5zDYVxmGrdzN3tFoLwRmUch6RNDL~1DcWBk0AveBKQFAdBrFBjDDUeIyDz9Idhw2aG9~fjfckcf95KwqrVQxz1N5XEzfNDDo8xkUgDt0eb9dtXdwxLJ0swC6e5VLS8bsH91GMg__&Key-Pair-Id=APKAI6TU7MMXM5DG6EPQ',
    'media_content_type': 'AUDIO',
  })
# ---
# name: test_play_media_service[https://test.com/abc-AUDIO-empty_media_extractor_config]
  ReadOnlyDict({
    'entity_id': 'media_player.bedroom',
    'extra': dict({
    }),
    'media_content_id': 'https://cf-media.sndcdn.com/50remGX1OqRY.128.mp3?Policy=eyJTdGF0ZW1lbnQiOlt7IlJlc291cmNlIjoiKjovL2NmLW1lZGlhLnNuZGNkbi5jb20vNTByZW1HWDFPcVJZLjEyOC5tcDMqIiwiQ29uZGl0aW9uIjp7IkRhdGVMZXNzVGhhbiI6eyJBV1M6RXBvY2hUaW1lIjoxNjk0Nzk4NTkzfX19XX0_&Signature=flALJvEBnzS0ZOOhf0-07Ap~NURw2Gn2OqkeKKTTMX5HRGJw9eXFay79tcC4GsMMXWUgWoCx-n3yelpyilE2MOEIufBNUbjqRfMSJaX5YhYxjQdoDYuiU~gqBzJyPw9pKzr6P8~5HNKL3Idr0CNhUzdV6FQLaUPKMMibq9ghV833mUmdyvdk1~GZBc8MOg9GrTdcigGgpPzd-vrIMICMvFzFnwBOeOotxX2Vfqf9~wVekBKGlvB9A~7TlZ71lv9Fl9u4m8rse9E-mByweVc1M784ehJV3~tRPjuF~FXXWKP8x0nGJmoq7RAnG7iFIt~fQFmsfOq2o~PG7dHMRPh7hw__&Key-Pair-Id=APKAI6TU7MMXM5DG6EPQ',
    'media_content_type': 'AUDIO',
  })
# ---
# name: test_play_media_service[https://www.youtube.com/watch?v=dQw4w9WgXcQ-VIDEO-audio_media_extractor_config-]
  ReadOnlyDict({
    'entity_id': 'media_player.bedroom',
    'extra': dict({
    }),
    'media_content_id': 'https://manifest.googlevideo.com/api/manifest/hls_playlist/expire/1694805268/ei/tFgEZcu0DoOD-gaqg47wBA/ip/45.93.75.130/id/750c38c3d5a05dc4/itag/616/source/youtube/requiressl/yes/ratebypass/yes/pfa/1/wft/1/sgovp/clen%3D99471214%3Bdur%3D212.040%3Bgir%3Dyes%3Bitag%3D356%3Blmt%3D1694043438471036/hls_chunk_host/rr3---sn-5hne6nzy.googlevideo.com/mh/7c/mm/31,29/mn/sn-5hne6nzy,sn-5hnekn7k/ms/au,rdu/mv/m/mvi/3/pl/22/initcwndbps/1957500/vprv/1/playlist_type/DVR/dover/13/txp/4532434/mt/1694783146/fvip/2/short_key/1/keepalive/yes/fexp/24007246/sparams/expire,ei,ip,id,itag,source,requiressl,ratebypass,pfa,wft,sgovp,vprv,playlist_type/sig/AOq0QJ8wRQIhALAASH0_ZDQQoMA82qWNCXSHPZ0bb9TQldIs7AAxktiiAiASA5bQy7IAa6NwdGIOpfye5OgcY_BNuo0WgSdh84tosw%3D%3D/lsparams/hls_chunk_host,mh,mm,mn,ms,mv,mvi,pl,initcwndbps/lsig/AG3C_xAwRgIhAIsDcLGH8KJpQpBgyJ5VWlDxfr75HyO8hMSVS9v7nRu4AiEA2xjtLZOzeNFoJlxwCsH3YqsUQt-BF_4gikhi_P4FbBc%3D/playlist/index.m3u8',
    'media_content_type': 'VIDEO',
  })
# ---
# name: test_play_media_service[https://www.youtube.com/watch?v=dQw4w9WgXcQ-VIDEO-audio_media_extractor_config]
  ReadOnlyDict({
    'entity_id': 'media_player.bedroom',
    'extra': dict({
    }),
    'media_content_id': 'https://manifest.googlevideo.com/api/manifest/hls_playlist/expire/1694805268/ei/tFgEZcu0DoOD-gaqg47wBA/ip/45.93.75.130/id/750c38c3d5a05dc4/itag/616/source/youtube/requiressl/yes/ratebypass/yes/pfa/1/wft/1/sgovp/clen%3D99471214%3Bdur%3D212.040%3Bgir%3Dyes%3Bitag%3D356%3Blmt%3D1694043438471036/hls_chunk_host/rr3---sn-5hne6nzy.googlevideo.com/mh/7c/mm/31,29/mn/sn-5hne6nzy,sn-5hnekn7k/ms/au,rdu/mv/m/mvi/3/pl/22/initcwndbps/1957500/vprv/1/playlist_type/DVR/dover/13/txp/4532434/mt/1694783146/fvip/2/short_key/1/keepalive/yes/fexp/24007246/sparams/expire,ei,ip,id,itag,source,requiressl,ratebypass,pfa,wft,sgovp,vprv,playlist_type/sig/AOq0QJ8wRQIhALAASH0_ZDQQoMA82qWNCXSHPZ0bb9TQldIs7AAxktiiAiASA5bQy7IAa6NwdGIOpfye5OgcY_BNuo0WgSdh84tosw%3D%3D/lsparams/hls_chunk_host,mh,mm,mn,ms,mv,mvi,pl,initcwndbps/lsig/AG3C_xAwRgIhAIsDcLGH8KJpQpBgyJ5VWlDxfr75HyO8hMSVS9v7nRu4AiEA2xjtLZOzeNFoJlxwCsH3YqsUQt-BF_4gikhi_P4FbBc%3D/playlist/index.m3u8',
    'media_content_type': 'VIDEO',
  })
# ---
# name: test_play_media_service[https://www.youtube.com/watch?v=dQw4w9WgXcQ-VIDEO-empty_media_extractor_config-]
  ReadOnlyDict({
    'entity_id': 'media_player.bedroom',
    'extra': dict({
    }),
    'media_content_id': 'https://manifest.googlevideo.com/api/manifest/hls_playlist/expire/1694805294/ei/zlgEZcCPFpqOx_APj42f2Ao/ip/45.93.75.130/id/750c38c3d5a05dc4/itag/616/source/youtube/requiressl/yes/ratebypass/yes/pfa/1/wft/1/sgovp/clen%3D99471214%3Bdur%3D212.040%3Bgir%3Dyes%3Bitag%3D356%3Blmt%3D1694043438471036/hls_chunk_host/rr3---sn-5hne6nzy.googlevideo.com/mh/7c/mm/31,26/mn/sn-5hne6nzy,sn-aigzrnld/ms/au,onr/mv/m/mvi/3/pl/22/initcwndbps/2095000/vprv/1/playlist_type/DVR/dover/13/txp/4532434/mt/1694783390/fvip/1/short_key/1/keepalive/yes/fexp/24007246,24362685/beids/24350017/sparams/expire,ei,ip,id,itag,source,requiressl,ratebypass,pfa,wft,sgovp,vprv,playlist_type/sig/AOq0QJ8wRgIhANCPwWNfq6wBp1Xo1L8bRJpDrzOyv7kfH_J65cZ_PRZLAiEAwo-0wQgeIjPe7OgyAAvMCx_A9wd1h8Qyh7VntKwGJUs%3D/lsparams/hls_chunk_host,mh,mm,mn,ms,mv,mvi,pl,initcwndbps/lsig/AG3C_xAwRQIgIqS9Ub_6L9ScKXr0T9bkeu6TZsEsyNApYfF_MqeukqECIQCMSeJ1sSEw5QGMgHAW8Fhsir4TYHEK5KVg-PzJbrT6hw%3D%3D/playlist/index.m3u8',
    'media_content_type': 'VIDEO',
  })
# ---
# name: test_play_media_service[https://www.youtube.com/watch?v=dQw4w9WgXcQ-VIDEO-empty_media_extractor_config]
  ReadOnlyDict({
    'entity_id': 'media_player.bedroom',
    'extra': dict({
    }),
    'media_content_id': 'https://manifest.googlevideo.com/api/manifest/hls_playlist/expire/1694805294/ei/zlgEZcCPFpqOx_APj42f2Ao/ip/45.93.75.130/id/750c38c3d5a05dc4/itag/616/source/youtube/requiressl/yes/ratebypass/yes/pfa/1/wft/1/sgovp/clen%3D99471214%3Bdur%3D212.040%3Bgir%3Dyes%3Bitag%3D356%3Blmt%3D1694043438471036/hls_chunk_host/rr3---sn-5hne6nzy.googlevideo.com/mh/7c/mm/31,26/mn/sn-5hne6nzy,sn-aigzrnld/ms/au,onr/mv/m/mvi/3/pl/22/initcwndbps/2095000/vprv/1/playlist_type/DVR/dover/13/txp/4532434/mt/1694783390/fvip/1/short_key/1/keepalive/yes/fexp/24007246,24362685/beids/24350017/sparams/expire,ei,ip,id,itag,source,requiressl,ratebypass,pfa,wft,sgovp,vprv,playlist_type/sig/AOq0QJ8wRgIhANCPwWNfq6wBp1Xo1L8bRJpDrzOyv7kfH_J65cZ_PRZLAiEAwo-0wQgeIjPe7OgyAAvMCx_A9wd1h8Qyh7VntKwGJUs%3D/lsparams/hls_chunk_host,mh,mm,mn,ms,mv,mvi,pl,initcwndbps/lsig/AG3C_xAwRQIgIqS9Ub_6L9ScKXr0T9bkeu6TZsEsyNApYfF_MqeukqECIQCMSeJ1sSEw5QGMgHAW8Fhsir4TYHEK5KVg-PzJbrT6hw%3D%3D/playlist/index.m3u8',
    'media_content_type': 'VIDEO',
  })
# ---
# name: test_playlist
  ReadOnlyDict({
    'entity_id': 'media_player.bedroom',
    'extra': dict({
    }),
    'media_content_id': 'https://rr2---sn-5hne6nzk.googlevideo.com/videoplayback?expire=1694818322&ei=sosEZcmcMdGVgQeatIDABA&ip=45.93.75.130&id=o-ANZGIl8-Lo8u8x_fU-l5VosaHna8zx8_6Ab0CCT-vzjQ&itag=243&source=youtube&requiressl=yes&mh=6Q&mm=31%2C29&mn=sn-5hne6nzk%2Csn-5hnednss&ms=au%2Crdu&mv=m&mvi=2&pl=22&initcwndbps=1868750&vprv=1&svpuc=1&mime=video%2Fwebm&gir=yes&clen=104373&dur=9.009&lmt=1660945832037331&mt=1694796392&fvip=5&keepalive=yes&fexp=24007246&c=IOS&txp=4437434&sparams=expire%2Cei%2Cip%2Cid%2Citag%2Csource%2Crequiressl%2Cvprv%2Csvpuc%2Cmime%2Cgir%2Cclen%2Cdur%2Clmt&sig=AOq0QJ8wRgIhAMLnlCaLvJ2scyVr6qYrCp3rzn_Op9eerIVWyp62NXKIAiEAnswRfxH5KssHQAKETF2MPncVWX_eDgpTXBEHN589-Xo%3D&lsparams=mh%2Cmm%2Cmn%2Cms%2Cmv%2Cmvi%2Cpl%2Cinitcwndbps&lsig=AG3C_xAwRQIhAN9Und25H4_kUjcAoZ_LVv0lAVTnPDkI-t5f7JJBA_jhAiAsXrF-84K_iBGiTwIwXS_eOlp5JPXxLEhyDj_cB8zdxQ%3D%3D',
    'media_content_type': 'VIDEO',
  })
# ---
