# serializer version: 1
# name: test_diagnostics
  dict({
    'device': dict({
      'MAC': '00:80:41:19:69:90',
      'name': 'BSB-LAN',
      'uptime': 969402857,
      'version': '1.0.38-20200730234859',
    }),
    'info': dict({
      'controller_family': dict({
        'dataType': 0,
        'desc': '',
        'name': 'Device family',
        'unit': '',
        'value': '211',
      }),
      'controller_variant': dict({
        'dataType': 0,
        'desc': '',
        'name': 'Device variant',
        'unit': '',
        'value': '127',
      }),
      'device_identification': dict({
        'dataType': 7,
        'desc': '',
        'name': 'Gerte-Identifikation',
        'unit': '',
        'value': 'RVS21.831F/127',
      }),
    }),
    'state': dict({
      'current_temperature': dict({
        'dataType': 0,
        'desc': '',
        'name': 'Room temp 1 actual value',
        'unit': '&deg;C',
        'value': '18.6',
      }),
      'hvac_action': dict({
        'dataType': 1,
        'desc': 'Raumtempâ€™begrenzung',
        'name': 'Status heating circuit 1',
        'unit': '',
        'value': '122',
      }),
      'hvac_mode': dict({
        'dataType': 1,
        'desc': 'Komfort',
        'name': 'Operating mode',
        'unit': '',
        'value': 'heat',
      }),
      'hvac_mode2': dict({
        'dataType': 1,
        'desc': 'Reduziert',
        'name': 'Operating mode',
        'unit': '',
        'value': '2',
      }),
      'room1_thermostat_mode': dict({
        'dataType': 1,
        'desc': 'Kein Bedarf',
        'name': 'Raumthermostat 1',
        'unit': '',
        'value': '0',
      }),
      'target_temperature': dict({
        'dataType': 0,
        'desc': '',
        'name': 'Room temperature Comfort setpoint',
        'unit': '&deg;C',
        'value': '18.5',
      }),
    }),
  })
# ---
