# serializer version: 1
# name: test_entity_state_attrs
  list([
    StateSnapshot({
      'attributes': ReadOnlyDict({
        'attribution': 'Data provided by MyBMW',
        'friendly_name': 'i4 eDrive40 Target SoC',
        'icon': 'mdi:battery-charging-medium',
        'options': list([
          '20',
          '25',
          '30',
          '35',
          '40',
          '45',
          '50',
          '55',
          '60',
          '65',
          '70',
          '75',
          '80',
          '85',
          '90',
          '95',
          '100',
        ]),
        'unit_of_measurement': '%',
      }),
      'context': <ANY>,
      'entity_id': 'select.i4_edrive40_target_soc',
      'last_changed': <ANY>,
      'last_updated': <ANY>,
      'state': '80',
    }),
    StateSnapshot({
      'attributes': ReadOnlyDict({
        'attribution': 'Data provided by MyBMW',
        'friendly_name': 'i4 eDrive40 AC Charging Limit',
        'icon': 'mdi:current-ac',
        'options': list([
          '6',
          '7',
          '8',
          '9',
          '10',
          '11',
          '12',
          '13',
          '14',
          '15',
          '16',
          '20',
          '32',
        ]),
        'unit_of_measurement': <UnitOfElectricCurrent.AMPERE: 'A'>,
      }),
      'context': <ANY>,
      'entity_id': 'select.i4_edrive40_ac_charging_limit',
      'last_changed': <ANY>,
      'last_updated': <ANY>,
      'state': '16',
    }),
    StateSnapshot({
      'attributes': ReadOnlyDict({
        'attribution': 'Data provided by MyBMW',
        'friendly_name': 'i4 eDrive40 Charging Mode',
        'icon': 'mdi:vector-point-select',
        'options': list([
          'IMMEDIATE_CHARGING',
          'DELAYED_CHARGING',
        ]),
      }),
      'context': <ANY>,
      'entity_id': 'select.i4_edrive40_charging_mode',
      'last_changed': <ANY>,
      'last_updated': <ANY>,
      'state': 'IMMEDIATE_CHARGING',
    }),
    StateSnapshot({
      'attributes': ReadOnlyDict({
        'attribution': 'Data provided by MyBMW',
        'friendly_name': 'i3 (+ REX) Charging Mode',
        'icon': 'mdi:vector-point-select',
        'options': list([
          'IMMEDIATE_CHARGING',
          'DELAYED_CHARGING',
        ]),
      }),
      'context': <ANY>,
      'entity_id': 'select.i3_rex_charging_mode',
      'last_changed': <ANY>,
      'last_updated': <ANY>,
      'state': 'DELAYED_CHARGING',
    }),
  ])
# ---
