# serializer version: 1
# name: test_entity_state_attrs
  list([
    StateSnapshot({
      'attributes': ReadOnlyDict({
        'attribution': 'Data provided by MyBMW',
        'friendly_name': 'i4 eDrive40 Flash lights',
        'icon': 'mdi:car-light-alert',
      }),
      'context': <ANY>,
      'entity_id': 'button.i4_edrive40_flash_lights',
      'last_changed': <ANY>,
      'last_updated': <ANY>,
      'state': 'unknown',
    }),
    StateSnapshot({
      'attributes': ReadOnlyDict({
        'attribution': 'Data provided by MyBMW',
        'friendly_name': 'i4 eDrive40 Sound horn',
        'icon': 'mdi:bullhorn',
      }),
      'context': <ANY>,
      'entity_id': 'button.i4_edrive40_sound_horn',
      'last_changed': <ANY>,
      'last_updated': <ANY>,
      'state': 'unknown',
    }),
    StateSnapshot({
      'attributes': ReadOnlyDict({
        'attribution': 'Data provided by MyBMW',
        'friendly_name': 'i4 eDrive40 Activate air conditioning',
        'icon': 'mdi:hvac',
      }),
      'context': <ANY>,
      'entity_id': 'button.i4_edrive40_activate_air_conditioning',
      'last_changed': <ANY>,
      'last_updated': <ANY>,
      'state': 'unknown',
    }),
    StateSnapshot({
      'attributes': ReadOnlyDict({
        'attribution': 'Data provided by MyBMW',
        'friendly_name': 'i4 eDrive40 Deactivate air conditioning',
        'icon': 'mdi:hvac-off',
      }),
      'context': <ANY>,
      'entity_id': 'button.i4_edrive40_deactivate_air_conditioning',
      'last_changed': <ANY>,
      'last_updated': <ANY>,
      'state': 'unknown',
    }),
    StateSnapshot({
      'attributes': ReadOnlyDict({
        'attribution': 'Data provided by MyBMW',
        'friendly_name': 'i4 eDrive40 Find vehicle',
        'icon': 'mdi:crosshairs-question',
      }),
      'context': <ANY>,
      'entity_id': 'button.i4_edrive40_find_vehicle',
      'last_changed': <ANY>,
      'last_updated': <ANY>,
      'state': 'unknown',
    }),
    StateSnapshot({
      'attributes': ReadOnlyDict({
        'attribution': 'Data provided by MyBMW',
        'friendly_name': 'i4 eDrive40 Refresh from cloud',
        'icon': 'mdi:refresh',
      }),
      'context': <ANY>,
      'entity_id': 'button.i4_edrive40_refresh_from_cloud',
      'last_changed': <ANY>,
      'last_updated': <ANY>,
      'state': 'unknown',
    }),
    StateSnapshot({
      'attributes': ReadOnlyDict({
        'attribution': 'Data provided by MyBMW',
        'friendly_name': 'i3 (+ REX) Flash lights',
        'icon': 'mdi:car-light-alert',
      }),
      'context': <ANY>,
      'entity_id': 'button.i3_rex_flash_lights',
      'last_changed': <ANY>,
      'last_updated': <ANY>,
      'state': 'unknown',
    }),
    StateSnapshot({
      'attributes': ReadOnlyDict({
        'attribution': 'Data provided by MyBMW',
        'friendly_name': 'i3 (+ REX) Sound horn',
        'icon': 'mdi:bullhorn',
      }),
      'context': <ANY>,
      'entity_id': 'button.i3_rex_sound_horn',
      'last_changed': <ANY>,
      'last_updated': <ANY>,
      'state': 'unknown',
    }),
    StateSnapshot({
      'attributes': ReadOnlyDict({
        'attribution': 'Data provided by MyBMW',
        'friendly_name': 'i3 (+ REX) Activate air conditioning',
        'icon': 'mdi:hvac',
      }),
      'context': <ANY>,
      'entity_id': 'button.i3_rex_activate_air_conditioning',
      'last_changed': <ANY>,
      'last_updated': <ANY>,
      'state': 'unknown',
    }),
    StateSnapshot({
      'attributes': ReadOnlyDict({
        'attribution': 'Data provided by MyBMW',
        'friendly_name': 'i3 (+ REX) Find vehicle',
        'icon': 'mdi:crosshairs-question',
      }),
      'context': <ANY>,
      'entity_id': 'button.i3_rex_find_vehicle',
      'last_changed': <ANY>,
      'last_updated': <ANY>,
      'state': 'unknown',
    }),
    StateSnapshot({
      'attributes': ReadOnlyDict({
        'attribution': 'Data provided by MyBMW',
        'friendly_name': 'i3 (+ REX) Refresh from cloud',
        'icon': 'mdi:refresh',
      }),
      'context': <ANY>,
      'entity_id': 'button.i3_rex_refresh_from_cloud',
      'last_changed': <ANY>,
      'last_updated': <ANY>,
      'state': 'unknown',
    }),
  ])
# ---
