# serializer version: 1
# name: test_entity_state_attrs
  list([
    StateSnapshot({
      'attributes': ReadOnlyDict({
        'attribution': 'Data provided by MyBMW',
        'device_class': 'battery',
        'friendly_name': 'i4 eDrive40 Target SoC',
        'icon': 'mdi:battery-charging-medium',
        'max': 100.0,
        'min': 20.0,
        'mode': <NumberMode.SLIDER: 'slider'>,
        'step': 5.0,
      }),
      'context': <ANY>,
      'entity_id': 'number.i4_edrive40_target_soc',
      'last_changed': <ANY>,
      'last_updated': <ANY>,
      'state': '80',
    }),
  ])
# ---
